{"result":"success","error":""}{"result":"failure","error":"missing parameter name"}{"result":"failure","error":"missing parameter author_name"}{"result":"failure","error":"missing parameter instructions"}{"result":"failure","error":"missing parameter prep_time"}{"result":"failure","error":"missing parameter portions"}{"result":"failure","error":"missing parameter description"}{"result":"failure","error":"database insertion error 1062 Duplicate entry 'ribs-adjuric' for key 'PRIMARY'"}{"result":"failure","error":"database insertion error 1062 Duplicate entry 'ribs-adjuric' for key 'PRIMARY'"}