{"result":"failure","error":"missing parameter recipe_name"}{"result":"failure","error":"missing parameter author_name"}{"result":"success","error":""}