{"result":"failure","error":"missing parameter rating"}