{"result":"failure","error":"missing parameter recipe_name"}