{"result":"failure","error":"missing parameter author_name"}