{"result":"failure","error":"missing parameter username"}