{"name":"mac and cheese","author_name":"nloison","instructions":"melt cheese and cook noodles","picture":"pics\/mac.png","prep_time":"45.0","portions":"4","rating":null,"description":"melted cheese and cooked macaronis"}{"name":"shepherd's pie","author_name":"lmitchell","instructions":"cook it for like an hour or whatever","picture":"pics\/pie.png","prep_time":"55.0","portions":"8","rating":null,"description":"potatoes and meat and some corn and stuff!"}{"name":"steak dinner","author_name":"adjuric","instructions":"grill em!","picture":"pics\/steak.png","prep_time":"25.0","portions":"4","rating":null,"description":"grilled meat!"}